# serializer version: 1
# name: test_bob
  array([[ 1.,  1.,  1.],
         [ 1.,  1., -1.],
         [ 1., -1.,  1.],
         [ 1., -1., -1.],
         [-1.,  1.,  1.],
         [-1.,  1., -1.],
         [-1., -1.,  1.],
         [-1., -1., -1.]])
# ---
# name: test_bob.1
  array([[-2.09603808e-03, -7.21023381e-01, -3.13093483e-01],
         [-4.39550936e-01,  5.03712118e-01, -1.86135709e+00],
         [-4.63244051e-01,  2.39126134e+00, -1.82179594e+00],
         [ 4.85980362e-01, -4.29094620e-02,  4.90632623e-01],
         [ 6.21735692e-01, -8.12329054e-01, -1.34520829e+00],
         [ 3.07357401e-01,  1.04044306e+00, -7.40214944e-01],
         [-1.11003029e+00, -5.92947364e-01, -1.00629151e+00],
         [ 4.81173426e-01,  7.55761325e-01, -1.12122655e+00]])
# ---
# name: test_get_position
  array([[ 1.,  1.,  1.],
         [ 1.,  1., -1.],
         [ 1., -1.,  1.],
         [ 1., -1., -1.],
         [-1.,  1.,  1.],
         [-1.,  1., -1.],
         [-1., -1.,  1.],
         [-1., -1., -1.]])
# ---
# name: test_set_position
  array([[ 1.,  1.,  1.],
         [ 1.,  1., -1.],
         [ 1., -1.,  1.],
         [ 1., -1., -1.],
         [-1.,  1.,  1.],
         [-1.,  1., -1.],
         [-1., -1.,  1.],
         [-1., -1., -1.]])
# ---
# name: test_set_position.1
  array([[-0.18365459,  0.01642842,  1.66635835],
         [-1.79058218, -0.02525068, -0.37478185],
         [ 0.55500984,  0.89381772, -1.92875016],
         [-1.38086367, -2.55187011, -1.20552325],
         [-0.53758895, -1.00673819, -0.15946345],
         [-0.45155352, -0.01002919, -0.71784383],
         [ 0.01022454, -0.24301523,  2.18313527],
         [ 0.09924167,  0.41291735,  1.48610508]])
# ---
